// Jest Snapshot v1, https://goo.gl/fbAQLP

exports[`TableActions Snapshots Should render with checkbox, selected, and download elements 1`] = `
Object {
  "asFragment": [Function],
  "baseElement": <body>
    <div>
      <div
        class="tableActions"
        data-testid="tableActions"
      >
        <div
          class="tableActionsCheckbox"
          data-testid="tableActionsCheckbox"
        >
          <input
            data-testid="checkbox"
            name="checkbox"
            type="checkbox"
          />
           
        </div>
        <div
          class="tableActionsSelected"
          data-testid="tableActionsSelected"
        >
          None Selected
        </div>
        <div
          class="tableActionsDownload"
          data-testid="tableActionsDownload"
        >
          <img
            alt="download icon"
            class="downloadIcon"
            data-testid="downloadIcon"
            src="download.png"
          />
          Download Selected
        </div>
      </div>
    </div>
  </body>,
  "container": <div>
    <div
      class="tableActions"
      data-testid="tableActions"
    >
      <div
        class="tableActionsCheckbox"
        data-testid="tableActionsCheckbox"
      >
        <input
          data-testid="checkbox"
          name="checkbox"
          type="checkbox"
        />
         
      </div>
      <div
        class="tableActionsSelected"
        data-testid="tableActionsSelected"
      >
        None Selected
      </div>
      <div
        class="tableActionsDownload"
        data-testid="tableActionsDownload"
      >
        <img
          alt="download icon"
          class="downloadIcon"
          data-testid="downloadIcon"
          src="download.png"
        />
        Download Selected
      </div>
    </div>
  </div>,
  "debug": [Function],
  "findAllByAltText": [Function],
  "findAllByDisplayValue": [Function],
  "findAllByLabelText": [Function],
  "findAllByPlaceholderText": [Function],
  "findAllByRole": [Function],
  "findAllByTestId": [Function],
  "findAllByText": [Function],
  "findAllByTitle": [Function],
  "findByAltText": [Function],
  "findByDisplayValue": [Function],
  "findByLabelText": [Function],
  "findByPlaceholderText": [Function],
  "findByRole": [Function],
  "findByTestId": [Function],
  "findByText": [Function],
  "findByTitle": [Function],
  "getAllByAltText": [Function],
  "getAllByDisplayValue": [Function],
  "getAllByLabelText": [Function],
  "getAllByPlaceholderText": [Function],
  "getAllByRole": [Function],
  "getAllByTestId": [Function],
  "getAllByText": [Function],
  "getAllByTitle": [Function],
  "getByAltText": [Function],
  "getByDisplayValue": [Function],
  "getByLabelText": [Function],
  "getByPlaceholderText": [Function],
  "getByRole": [Function],
  "getByTestId": [Function],
  "getByText": [Function],
  "getByTitle": [Function],
  "queryAllByAltText": [Function],
  "queryAllByDisplayValue": [Function],
  "queryAllByLabelText": [Function],
  "queryAllByPlaceholderText": [Function],
  "queryAllByRole": [Function],
  "queryAllByTestId": [Function],
  "queryAllByText": [Function],
  "queryAllByTitle": [Function],
  "queryByAltText": [Function],
  "queryByDisplayValue": [Function],
  "queryByLabelText": [Function],
  "queryByPlaceholderText": [Function],
  "queryByRole": [Function],
  "queryByTestId": [Function],
  "queryByText": [Function],
  "queryByTitle": [Function],
  "rerender": [Function],
  "unmount": [Function],
}
`;
